python : Creating test 
database for alias 
'default' ('file:memorydb_
default?mode=memory&cache=
shared')...
At line:1 char:1
+ python manage.py test 
admin_dashboard -v 2 > 
test_report.txt 2>&1
+ ~~~~~~~~~~~~~~~~~~~~~~~~
~~~~~~~~~~~~~~~~~~~~~~~~~~
~~~~~~~~~~~~~~~
    + CategoryInfo        
      : NotSpecified: (C  
  reating test d...che=   
 shared')...:String) [    
], RemoteException
    + FullyQualifiedError 
   Id : NativeCommandErr  
  or
 

Found 3 test(s).
Operations to perform:
  Synchronize unmigrated apps: allauth, messages, rest_framework, staticfiles, widget_tweaks
  Apply all migrations: account, accounts, admin, analytics, auth, contenttypes, core, library, sessions, sites, socialaccount, students, teachers
Synchronizing apps without migrations:
  Creating tables...
    Running deferred SQL...
Running migrations:
  Applying contenttypes.0001_initial... OK
  Applying contenttypes.0002_remove_content_type_name... OK
  Applying auth.0001_initial... OK
  Applying auth.0002_alter_permission_name_max_length... OK
  Applying auth.0003_alter_user_email_max_length... OK
  Applying auth.0004_alter_user_username_opts... OK
  Applying auth.0005_alter_user_last_login_null... OK
  Applying auth.0006_require_contenttypes_0002... OK
  Applying auth.0007_alter_validators_add_error_messages... OK
  Applying auth.0008_alter_user_username_max_length... OK
  Applying auth.0009_alter_user_last_name_max_length... OK
  Applying auth.0010_alter_group_name_max_length... OK
  Applying auth.0011_update_proxy_permissions... OK
  Applying auth.0012_alter_user_first_name_max_length... OK
  Applying accounts.0001_initial... OK
  Applying account.0001_initial... OK
  Applying account.0002_email_max_length... OK
  Applying account.0003_alter_emailaddress_create_unique_verified_email... OK
  Applying account.0004_alter_emailaddress_drop_unique_email... OK
  Applying account.0005_emailaddress_idx_upper_email... OK
  Applying account.0006_emailaddress_lower... OK
  Applying account.0007_emailaddress_idx_email... OK
  Applying account.0008_emailaddress_unique_primary_email_fixup... OK
  Applying account.0009_emailaddress_unique_primary_email... OK
  Applying accounts.0002_add_gender... OK
  Applying admin.0001_initial... OK
  Applying admin.0002_logentry_remove_auto_add... OK
  Applying admin.0003_logentry_add_action_flag_choices... OK
  Applying core.0001_initial... OK
  Applying students.0001_initial... OK
  Applying core.0002_initial... OK
  Applying core.0003_alter_notification_recipients... OK
  Applying students.0002_student_age_student_emergency_contact_name_and_more... OK
  Applying students.0003_alter_student_enrollment_date... OK
  Applying analytics.0001_initial... OK
  Applying core.0004_assignment_core_assign_due_dat_5b7b5a_idx_and_more... OK
  Applying students.0004_student_students_st_student_e7126a_idx_and_more... OK
  Applying core.0005_timetable_core_timeta_day_ded5d1_idx_and_more... OK
  Applying students.0005_student_students_st_enrollm_8263f3_idx... OK
  Applying core.0006_alter_attendance_unique_together_and_more... OK
  Applying library.0001_initial... OK
  Applying sessions.0001_initial... OK
  Applying sites.0001_initial... OK
  Applying sites.0002_alter_domain_unique... OK
  Applying socialaccount.0001_initial... OK
  Applying socialaccount.0002_token_max_lengths... OK
  Applying socialaccount.0003_extra_data_default_dict... OK
  Applying socialaccount.0004_app_provider_id_settings... OK
  Applying socialaccount.0005_socialtoken_nullable_app... OK
  Applying socialaccount.0006_alter_socialaccount_extra_data... OK
  Applying teachers.0001_initial... OK
  Applying teachers.0002_teacher_emergency_contact_name_and_more... OK
test_admin_dashboard_view 
(admin_dashboard.tests.Adm
inDashboardTest.test_admin
_dashboard_view) ... ERROR
test_student_list_view (ad
min_dashboard.tests.AdminD
ashboardTest.test_student_
list_view) ... ok
test_unauthorized_access (
admin_dashboard.tests.Admi
nDashboardTest.test_unauth
orized_access) ... ok

==========================
==========================
==================
ERROR: 
test_admin_dashboard_view 
(admin_dashboard.tests.Adm
inDashboardTest.test_admin
_dashboard_view)
--------------------------
--------------------------
------------------
Traceback (most recent 
call last):
  File "C:\Users\GALLOP SE
A\OneDrive\Desktop\Managem
ent System\admin_dashboard
\tests.py", line 53, in 
test_admin_dashboard_view
    response = self.client
.get(reverse('admin_dashbo
ard'))
  File "C:\Users\GALLOP SE
A\AppData\Roaming\Python\P
ython313\site-packages\dja
ngo\test\client.py", line 
1124, in get
    response = 
super().get(
        path,
    ...<4 lines>...
        **extra,
    )
  File "C:\Users\GALLOP SE
A\AppData\Roaming\Python\P
ython313\site-packages\dja
ngo\test\client.py", line 
475, in get
    return self.generic(
           ~~~~~~~~~~~~^
        "GET",
        ^^^^^^
    ...<4 lines>...
        **extra,
        ^^^^^^^^
    )
    ^
  File "C:\Users\GALLOP SE
A\AppData\Roaming\Python\P
ython313\site-packages\dja
ngo\test\client.py", line 
671, in generic
    return 
self.request(**r)
           
~~~~~~~~~~~~^^^^^
  File "C:\Users\GALLOP SE
A\AppData\Roaming\Python\P
ython313\site-packages\dja
ngo\test\client.py", line 
1087, in request
    self.check_exception(r
esponse)
    ~~~~~~~~~~~~~~~~~~~~^^
^^^^^^^^
  File "C:\Users\GALLOP SE
A\AppData\Roaming\Python\P
ython313\site-packages\dja
ngo\test\client.py", line 
802, in check_exception
    raise exc_value
  File "C:\Users\GALLOP SE
A\AppData\Roaming\Python\P
ython313\site-packages\dja
ngo\core\handlers\exceptio
n.py", line 55, in inner
    response = 
get_response(request)
  File "C:\Users\GALLOP SE
A\AppData\Roaming\Python\P
ython313\site-packages\dja
ngo\core\handlers\base.py"
, line 198, in 
_get_response
    response = 
wrapped_callback(request, 
*callback_args, 
**callback_kwargs)
  File "C:\Users\GALLOP SE
A\AppData\Roaming\Python\P
ython313\site-packages\dja
ngo\contrib\auth\decorator
s.py", line 59, in 
_view_wrapper
    return 
view_func(request, *args, 
**kwargs)
  File "C:\Users\GALLOP SE
A\OneDrive\Desktop\Managem
ent System\accounts\decora
tors.py", line 11, in 
_wrapped_view
    return 
view_func(request, *args, 
**kwargs)
  File "C:\Users\GALLOP SE
A\OneDrive\Desktop\Managem
ent System\admin_dashboard
\views.py", line 18, in 
admin_dashboard
    system_analytics = _ca
lculate_system_analytics()
  File "C:\Users\GALLOP SE
A\OneDrive\Desktop\Managem
ent System\analytics\views
.py", line 302, in _calcul
ate_system_analytics
    at_risk_students = _id
entify_at_risk_students()
  File "C:\Users\GALLOP SE
A\OneDrive\Desktop\Managem
ent System\analytics\views
.py", line 363, in 
_identify_at_risk_students
    students = Student.obj
ects.with_performance_stat
s().annotate(
               ~~~~~~~~~~~
~~~~~~~~~~~~~~~~~~~~~~~~~~
~~~~~~~~~~~~^
        recent_assignment_
count=Count(
        ^^^^^^^^^^^^^^^^^^
^^^^^^^^^^^^
    ...<8 lines>...
        )
        ^
    
).select_related('user', 
'class_enrolled')
    ^
  File "C:\Users\GALLOP SE
A\AppData\Roaming\Python\P
ython313\site-packages\dja
ngo\db\models\query.py", 
line 1699, in annotate
    return 
self._annotate(args, 
kwargs, select=True)
           ~~~~~~~~~~~~~~^
^^^^^^^^^^^^^^^^^^^^^^^^^^
  File "C:\Users\GALLOP SE
A\AppData\Roaming\Python\P
ython313\site-packages\dja
ngo\db\models\query.py", 
line 1751, in _annotate
    clone.query.add_annota
tion(
    ~~~~~~~~~~~~~~~~~~~~~~
~~~~^
        annotation,
        ^^^^^^^^^^^
        alias,
        ^^^^^^
        select=select,
        ^^^^^^^^^^^^^^
    )
    ^
  File "C:\Users\GALLOP SE
A\AppData\Roaming\Python\P
ython313\site-packages\dja
ngo\db\models\sql\query.py
", line 1247, in 
add_annotation
    annotation = annotatio
n.resolve_expression(self,
 allow_joins=True, 
reuse=None)
  File "C:\Users\GALLOP SE
A\AppData\Roaming\Python\P
ython313\site-packages\dja
ngo\db\models\aggregates.p
y", line 261, in 
resolve_expression
    result = super().resol
ve_expression(*args, 
**kwargs)
  File "C:\Users\GALLOP SE
A\AppData\Roaming\Python\P
ython313\site-packages\dja
ngo\db\models\aggregates.p
y", line 122, in 
resolve_expression
    c = super().resolve_ex
pression(query, 
allow_joins, reuse, 
summarize)
  File "C:\Users\GALLOP SE
A\AppData\Roaming\Python\P
ython313\site-packages\dja
ngo\db\models\expressions.
py", line 301, in 
resolve_expression
    expr.resolve_expressio
n(query, allow_joins, 
reuse, summarize, 
for_save)
    ~~~~~~~~~~~~~~~~~~~~~~
~^^^^^^^^^^^^^^^^^^^^^^^^^
^^^^^^^^^^^^^^^^^^^^^^^
  File "C:\Users\GALLOP SE
A\AppData\Roaming\Python\P
ython313\site-packages\dja
ngo\db\models\expressions.
py", line 904, in 
resolve_expression
    return query.resolve_r
ef(self.name, 
allow_joins, reuse, 
summarize)
           ~~~~~~~~~~~~~~~
~~^^^^^^^^^^^^^^^^^^^^^^^^
^^^^^^^^^^^^^^^^^^
  File "C:\Users\GALLOP SE
A\AppData\Roaming\Python\P
ython313\site-packages\dja
ngo\db\models\sql\query.py
", line 2087, in 
resolve_ref
    join_info = 
self.setup_joins(
        field_list, 
self.get_meta(), 
self.get_initial_alias(), 
can_reuse=reuse
    )
  File "C:\Users\GALLOP SE
A\AppData\Roaming\Python\P
ython313\site-packages\dja
ngo\db\models\sql\query.py
", line 1937, in 
setup_joins
    path, final_field, 
targets, rest = 
self.names_to_path(
                          
             
~~~~~~~~~~~~~~~~~~^
        names[:pivot],
        ^^^^^^^^^^^^^^
    ...<2 lines>...
        
fail_on_missing=True,
        
^^^^^^^^^^^^^^^^^^^^^
    )
    ^
  File "C:\Users\GALLOP SE
A\AppData\Roaming\Python\P
ython313\site-packages\dja
ngo\db\models\sql\query.py
", line 1842, in 
names_to_path
    raise FieldError(
    ...<2 lines>...
    )
django.core.exceptions.Fie
ldError: Cannot resolve 
keyword 'submissions' 
into field. Choices are: 
age, annotated_attendance_
rate, annotated_gpa, 
attendances, 
automatedreport, 
class_enrolled, 
class_enrolled_id, 
emergency_contact_name, 
emergency_contact_phone, e
mergency_contact_relations
hip, enrollment_date, 
gender, hobbies, id, 
learninginsight, 
notification, 
parent_email, 
parent_name, 
parent_phone, 
parent_relationship, 
performanceanalytics, 
present_days_count, 
recent_assignment_count, 
results, status, 
student_id, submission, 
total_days_count, user, 
user_id

--------------------------
--------------------------
------------------
Ran 3 tests in 25.097s

FAILED (errors=1)
Destroying test database 
for alias 'default' ('file
:memorydb_default?mode=mem
ory&cache=shared')...

  Applying teachers.0003_teacher_teachers_te_teacher_5d8d41_idx... OK
System check identified no issues (0 silenced).
